// Jest Snapshot v1, https://goo.gl/fbAQLP

exports[`App renders App 1`] = `
<div
  className="App"
>
  <ContactsList
    contactTagsObject={Object {}}
    contacts={Array []}
    dealsObject={Object {}}
    geoAddressesObject={Object {}}
    geoIpsObject={Object {}}
    tagsObject={Object {}}
  />
</div>
`;
